// Jest Snapshot v1, https://goo.gl/fbAQLP

exports[`test-function.js Should shallow render 1`] = `
ShallowWrapper {
  "complexSelector": ComplexSelector {
    "buildPredicate": [Function],
    "childrenOfNode": [Function],
    "findWhereUnwrapped": [Function],
  },
  "length": 1,
  "node": <div>
    <p>
      <button
        id="callback-button"
        onClick={[Function]}
      >
        CUSTOM HANDLER
      </button>
    </p>
  </div>,
  "nodes": Array [
    <div>
      <p>
        <button
          id="callback-button"
          onClick={[Function]}
        >
          CUSTOM HANDLER
        </button>
      </p>
    </div>,
  ],
  "options": Object {},
  "renderer": ReactShallowRenderer {
    "_instance":  {
      "_calledComponentWillUnmount": false,
      "_compositeType": 0,
      "_context": Object {},
      "_currentElement": <TestFunction
        customHandler={[Function]}
      />,
      "_debugID": 1,
      "_hostContainerInfo": null,
      "_hostParent": null,
      "_instance": TestFunction {
        "_reactInternalInstance": [Circular],
        "context": Object {},
        "props": Object {
          "customHandler": [Function],
        },
        "refs": Object {},
        "state": null,
        "updater": Object {
          "enqueueCallback": [Function],
          "enqueueCallbackInternal": [Function],
          "enqueueElementInternal": [Function],
          "enqueueForceUpdate": [Function],
          "enqueueReplaceState": [Function],
          "enqueueSetState": [Function],
          "isMounted": [Function],
          "validateCallback": [Function],
        },
      },
      "_mountOrder": 1,
      "_pendingCallbacks": null,
      "_pendingElement": null,
      "_pendingForceUpdate": false,
      "_pendingReplaceState": false,
      "_pendingStateQueue": null,
      "_renderedComponent": NoopInternalComponent {
        "_currentElement": <div>
          <p>
            <button
              id="callback-button"
              onClick={[Function]}
            >
              CUSTOM HANDLER
            </button>
          </p>
        </div>,
        "_debugID": 2,
        "_renderedOutput": <div>
          <p>
            <button
              id="callback-button"
              onClick={[Function]}
            >
              CUSTOM HANDLER
            </button>
          </p>
        </div>,
      },
      "_renderedNodeType": 0,
      "_rootNodeID": 0,
      "_topLevelWrapper": null,
      "_updateBatchNumber": null,
      "_warnedAboutRefsInRender": false,
    },
    "getRenderOutput": [Function],
    "render": [Function],
  },
  "root": [Circular],
  "unrendered": <TestFunction
    customHandler={[Function]}
  />,
}
`;
